2025-12-12 17:14:49,045 - tournament_runner - INFO - Starting poker tournament...
2025-12-12 17:14:49,045 - bot_manager - INFO - Successfully loaded bot: random_bot
2025-12-12 17:14:49,046 - bot_manager - INFO - Successfully loaded bot: ayden_random_copy
2025-12-12 17:14:49,046 - bot_manager - INFO - Successfully loaded bot: conservative_bot
2025-12-12 17:14:49,047 - bot_manager - INFO - Successfully loaded bot: aggressive_bot
2025-12-12 17:14:49,047 - bot_manager - INFO - Loaded 4 bots successfully
2025-12-12 17:14:49,047 - tournament_runner - INFO - Loaded 4 bots: ['random_bot', 'ayden_random_copy', 'conservative_bot', 'aggressive_bot']
2025-12-12 17:14:49,047 - tournament - INFO - Tournament setup with 1 tables
2025-12-12 17:14:49,047 - tournament - INFO - Table 1: ['conservative_bot', 'random_bot', 'ayden_random_copy', 'aggressive_bot']
2025-12-12 17:14:49,048 - tournament_runner - INFO - Starting hand #1 on table 1
2025-12-12 17:14:49,048 - engine.poker_game - INFO - random_bot posts small blind: 10
2025-12-12 17:14:49,048 - engine.poker_game - INFO - ayden_random_copy posts big blind: 20
2025-12-12 17:14:49,048 - engine.poker_game - INFO - 
==============================
--- NEW HAND ---
2025-12-12 17:14:49,048 - engine.poker_game - INFO - Dealer: conservative_bot
2025-12-12 17:14:49,048 - engine.poker_game - INFO - conservative_bot has PlayerHand(cards=[6♦, A♥]) (chips: 1000)
2025-12-12 17:14:49,048 - engine.poker_game - INFO - random_bot has PlayerHand(cards=[7♠, 9♣]) (chips: 990)
2025-12-12 17:14:49,048 - engine.poker_game - INFO - ayden_random_copy has PlayerHand(cards=[7♦, J♦]) (chips: 980)
2025-12-12 17:14:49,049 - engine.poker_game - INFO - aggressive_bot has PlayerHand(cards=[2♥, J♣]) (chips: 1000)
2025-12-12 17:14:49,049 - engine.poker_game - INFO - 
--- PRE-FLOP BETTING ---
2025-12-12 17:14:49,049 - engine.poker_game - INFO -   aggressive_bot calls 20
2025-12-12 17:14:49,049 - engine.poker_game - INFO -   conservative_bot folds
2025-12-12 17:14:49,049 - engine.poker_game - INFO -   random_bot goes all-in for 990
2025-12-12 17:14:49,049 - engine.poker_game - INFO -   ayden_random_copy folds
2025-12-12 17:14:49,050 - engine.poker_game - INFO -   aggressive_bot calls 980
2025-12-12 17:14:49,050 - engine.poker_game - INFO - Community Cards: []
2025-12-12 17:14:49,050 - engine.poker_game - INFO - Pot: 2020
2025-12-12 17:14:49,050 - engine.poker_game - INFO - --------------------
2025-12-12 17:14:49,050 - engine.poker_game - INFO - FLOP: [2♠, J♠, 5♣]
2025-12-12 17:14:49,050 - engine.poker_game - INFO - 
--- FLOP BETTING ---
2025-12-12 17:14:49,050 - engine.poker_game - INFO - Community Cards: [2♠, J♠, 5♣]
2025-12-12 17:14:49,050 - engine.poker_game - INFO - Pot: 2020
2025-12-12 17:14:49,051 - engine.poker_game - INFO - --------------------
2025-12-12 17:14:49,051 - engine.poker_game - INFO - TURN: 8♥
2025-12-12 17:14:49,051 - engine.poker_game - INFO - 
--- TURN BETTING ---
2025-12-12 17:14:49,051 - engine.poker_game - INFO - Community Cards: [2♠, J♠, 5♣, 8♥]
2025-12-12 17:14:49,051 - engine.poker_game - INFO - Pot: 2020
2025-12-12 17:14:49,051 - engine.poker_game - INFO - --------------------
2025-12-12 17:14:49,051 - engine.poker_game - INFO - RIVER: 8♦
2025-12-12 17:14:49,051 - engine.poker_game - INFO - 
--- RIVER BETTING ---
2025-12-12 17:14:49,051 - engine.poker_game - INFO - Community Cards: [2♠, J♠, 5♣, 8♥, 8♦]
2025-12-12 17:14:49,052 - engine.poker_game - INFO - Pot: 2020
2025-12-12 17:14:49,052 - engine.poker_game - INFO - --------------------
2025-12-12 17:14:49,052 - engine.poker_game - INFO - 
--- SHOWDOWN ---
2025-12-12 17:14:49,052 - engine.poker_game - INFO -   random_bot: Hand: [7♠, 9♣] -> pair [7♠, 9♣, J♠, 8♥, 8♦]
2025-12-12 17:14:49,053 - engine.poker_game - INFO -   aggressive_bot: Hand: [2♥, J♣] -> two_pair [J♣, J♠, 5♣, 8♥, 8♦]
2025-12-12 17:14:49,053 - engine.poker_game - INFO - WINNERS: aggressive_bot
2025-12-12 17:14:49,054 - engine.poker_game - INFO - aggressive_bot wins 1980 from side/main pot
2025-12-12 17:14:49,054 - engine.poker_game - INFO - aggressive_bot wins 10 from side/main pot
2025-12-12 17:14:49,054 - engine.poker_game - WARNING - Pot logic residual: 30
2025-12-12 17:14:49,055 - tournament.table_1 - INFO - Player random_bot eliminated from table 1 on hand 0
2025-12-12 17:14:49,055 - tournament - INFO - Player random_bot eliminated in position 4
2025-12-12 17:14:49,055 - tournament_runner - INFO - Hand #1 complete on table 1
2025-12-12 17:14:49,055 - tournament_runner - INFO - Starting hand #2 on table 1
2025-12-12 17:14:49,055 - engine.poker_game - INFO - conservative_bot posts small blind: 10
2025-12-12 17:14:49,055 - engine.poker_game - INFO - ayden_random_copy posts big blind: 20
2025-12-12 17:14:49,055 - engine.poker_game - INFO - 
==============================
--- NEW HAND ---
2025-12-12 17:14:49,056 - engine.poker_game - INFO - Dealer: aggressive_bot
2025-12-12 17:14:49,056 - engine.poker_game - INFO - conservative_bot has PlayerHand(cards=[2♣, Q♦]) (chips: 990)
2025-12-12 17:14:49,056 - engine.poker_game - INFO - ayden_random_copy has PlayerHand(cards=[K♥, A♥]) (chips: 960)
2025-12-12 17:14:49,056 - engine.poker_game - INFO - aggressive_bot has PlayerHand(cards=[4♣, 8♦]) (chips: 2020)
2025-12-12 17:14:49,056 - engine.poker_game - INFO - 
--- PRE-FLOP BETTING ---
2025-12-12 17:14:49,056 - engine.poker_game - INFO -   aggressive_bot raises to 80
2025-12-12 17:14:49,056 - engine.poker_game - INFO -   conservative_bot folds
2025-12-12 17:14:49,056 - engine.poker_game - INFO -   ayden_random_copy calls 60
2025-12-12 17:14:49,057 - engine.poker_game - INFO - Community Cards: []
2025-12-12 17:14:49,057 - engine.poker_game - INFO - Pot: 170
2025-12-12 17:14:49,057 - engine.poker_game - INFO - --------------------
2025-12-12 17:14:49,057 - engine.poker_game - INFO - FLOP: [A♠, 4♥, 4♦]
2025-12-12 17:14:49,057 - engine.poker_game - INFO - 
--- FLOP BETTING ---
2025-12-12 17:14:49,057 - engine.poker_game - INFO -   ayden_random_copy raises to 40
2025-12-12 17:14:49,057 - engine.poker_game - INFO -   aggressive_bot raises to 210
2025-12-12 17:14:49,058 - engine.poker_game - INFO -   ayden_random_copy folds
2025-12-12 17:14:49,058 - engine.poker_game - INFO - Community Cards: [A♠, 4♥, 4♦]
2025-12-12 17:14:49,058 - engine.poker_game - INFO - Pot: 420
2025-12-12 17:14:49,058 - engine.poker_game - INFO - --------------------
2025-12-12 17:14:49,058 - engine.poker_game - INFO - aggressive_bot wins 200 from side/main pot
2025-12-12 17:14:49,058 - engine.poker_game - INFO - aggressive_bot wins 190 from side/main pot
2025-12-12 17:14:49,058 - engine.poker_game - WARNING - Pot logic residual: 30
2025-12-12 17:14:49,058 - tournament_runner - INFO - Hand #2 complete on table 1
2025-12-12 17:14:49,058 - tournament_runner - INFO - Starting hand #3 on table 1
2025-12-12 17:14:49,059 - engine.poker_game - INFO - ayden_random_copy posts small blind: 10
2025-12-12 17:14:49,059 - engine.poker_game - INFO - aggressive_bot posts big blind: 20
2025-12-12 17:14:49,059 - engine.poker_game - INFO - 
==============================
--- NEW HAND ---
2025-12-12 17:14:49,059 - engine.poker_game - INFO - Dealer: conservative_bot
2025-12-12 17:14:49,059 - engine.poker_game - INFO - conservative_bot has PlayerHand(cards=[10♠, 9♣]) (chips: 990)
2025-12-12 17:14:49,059 - engine.poker_game - INFO - ayden_random_copy has PlayerHand(cards=[3♠, 8♦]) (chips: 850)
2025-12-12 17:14:49,059 - engine.poker_game - INFO - aggressive_bot has PlayerHand(cards=[Q♠, J♠]) (chips: 2130)
2025-12-12 17:14:49,060 - engine.poker_game - INFO - 
--- PRE-FLOP BETTING ---
2025-12-12 17:14:49,060 - engine.poker_game - INFO -   conservative_bot folds
2025-12-12 17:14:49,060 - engine.poker_game - INFO -   ayden_random_copy calls 10
2025-12-12 17:14:49,060 - engine.poker_game - INFO -   aggressive_bot checks
2025-12-12 17:14:49,060 - engine.poker_game - INFO - Community Cards: []
2025-12-12 17:14:49,060 - engine.poker_game - INFO - Pot: 40
2025-12-12 17:14:49,060 - engine.poker_game - INFO - --------------------
2025-12-12 17:14:49,060 - engine.poker_game - INFO - FLOP: [5♥, Q♣, 4♠]
2025-12-12 17:14:49,061 - engine.poker_game - INFO - 
--- FLOP BETTING ---
2025-12-12 17:14:49,061 - engine.poker_game - INFO -   aggressive_bot raises to 40
2025-12-12 17:14:49,061 - engine.poker_game - INFO -   ayden_random_copy calls 40
2025-12-12 17:14:49,061 - engine.poker_game - INFO - Community Cards: [5♥, Q♣, 4♠]
2025-12-12 17:14:49,061 - engine.poker_game - INFO - Pot: 120
2025-12-12 17:14:49,061 - engine.poker_game - INFO - --------------------
2025-12-12 17:14:49,061 - engine.poker_game - INFO - TURN: 3♣
2025-12-12 17:14:49,061 - engine.poker_game - INFO - 
--- TURN BETTING ---
2025-12-12 17:14:49,062 - engine.poker_game - INFO -   aggressive_bot raises to 120
2025-12-12 17:14:49,062 - engine.poker_game - INFO -   ayden_random_copy goes all-in for 800
2025-12-12 17:14:49,062 - engine.poker_game - INFO -   aggressive_bot raises to 1040
2025-12-12 17:14:49,062 - engine.poker_game - INFO - Community Cards: [5♥, Q♣, 4♠, 3♣]
2025-12-12 17:14:49,062 - engine.poker_game - INFO - Pot: 1960
2025-12-12 17:14:49,062 - engine.poker_game - INFO - --------------------
2025-12-12 17:14:49,062 - engine.poker_game - INFO - RIVER: A♥
2025-12-12 17:14:49,063 - engine.poker_game - INFO - 
--- RIVER BETTING ---
2025-12-12 17:14:49,063 - engine.poker_game - INFO -   aggressive_bot goes all-in with 1050
2025-12-12 17:14:49,063 - engine.poker_game - INFO - Community Cards: [5♥, Q♣, 4♠, 3♣, A♥]
2025-12-12 17:14:49,063 - engine.poker_game - INFO - Pot: 3010
2025-12-12 17:14:49,063 - engine.poker_game - INFO - --------------------
2025-12-12 17:14:49,063 - engine.poker_game - INFO - 
--- SHOWDOWN ---
2025-12-12 17:14:49,064 - engine.poker_game - INFO -   ayden_random_copy: Hand: [3♠, 8♦] -> pair [3♠, 8♦, Q♣, 3♣, A♥]
2025-12-12 17:14:49,064 - engine.poker_game - INFO -   aggressive_bot: Hand: [Q♠, J♠] -> pair [Q♠, J♠, 5♥, Q♣, A♥]
2025-12-12 17:14:49,065 - engine.poker_game - INFO - WINNERS: aggressive_bot
2025-12-12 17:14:49,066 - engine.poker_game - INFO - aggressive_bot wins 1700 from side/main pot
2025-12-12 17:14:49,066 - engine.poker_game - INFO - aggressive_bot wins 1280 from side/main pot
2025-12-12 17:14:49,066 - engine.poker_game - WARNING - Pot logic residual: 30
2025-12-12 17:14:49,066 - tournament.table_1 - INFO - Player ayden_random_copy eliminated from table 1 on hand 2
2025-12-12 17:14:49,066 - tournament - INFO - Player ayden_random_copy eliminated in position 3
2025-12-12 17:14:49,066 - tournament_runner - INFO - Hand #3 complete on table 1
2025-12-12 17:14:49,067 - tournament_runner - INFO - Starting hand #4 on table 1
2025-12-12 17:14:49,067 - engine.poker_game - INFO - conservative_bot posts small blind: 10
2025-12-12 17:14:49,067 - engine.poker_game - INFO - aggressive_bot posts big blind: 20
2025-12-12 17:14:49,067 - engine.poker_game - INFO - 
==============================
--- NEW HAND ---
2025-12-12 17:14:49,067 - engine.poker_game - INFO - Dealer: conservative_bot
2025-12-12 17:14:49,067 - engine.poker_game - INFO - conservative_bot has PlayerHand(cards=[9♦, 9♠]) (chips: 980)
2025-12-12 17:14:49,067 - engine.poker_game - INFO - aggressive_bot has PlayerHand(cards=[5♥, A♦]) (chips: 2990)
2025-12-12 17:14:49,067 - engine.poker_game - INFO - 
--- PRE-FLOP BETTING ---
2025-12-12 17:14:49,068 - engine.poker_game - INFO -   conservative_bot raises to 40
2025-12-12 17:14:49,068 - engine.poker_game - INFO -   aggressive_bot raises to 80
2025-12-12 17:14:49,068 - engine.poker_game - INFO -   conservative_bot raises to 120
2025-12-12 17:14:49,068 - engine.poker_game - INFO -   aggressive_bot calls 40
2025-12-12 17:14:49,068 - engine.poker_game - INFO - Community Cards: []
2025-12-12 17:14:49,068 - engine.poker_game - INFO - Pot: 240
2025-12-12 17:14:49,068 - engine.poker_game - INFO - --------------------
2025-12-12 17:14:49,068 - engine.poker_game - INFO - FLOP: [8♥, 2♣, 5♣]
2025-12-12 17:14:49,069 - engine.poker_game - INFO - 
--- FLOP BETTING ---
2025-12-12 17:14:49,069 - engine.poker_game - INFO -   aggressive_bot raises to 240
2025-12-12 17:14:49,069 - engine.poker_game - INFO -   conservative_bot raises to 480
2025-12-12 17:14:49,069 - engine.poker_game - INFO -   aggressive_bot raises to 960
2025-12-12 17:14:49,069 - engine.poker_game - INFO -   conservative_bot folds
2025-12-12 17:14:49,069 - engine.poker_game - INFO - Community Cards: [8♥, 2♣, 5♣]
2025-12-12 17:14:49,069 - engine.poker_game - INFO - Pot: 1680
2025-12-12 17:14:49,070 - engine.poker_game - INFO - --------------------
2025-12-12 17:14:49,070 - engine.poker_game - INFO - aggressive_bot wins 1180 from side/main pot
2025-12-12 17:14:49,070 - engine.poker_game - INFO - aggressive_bot wins 470 from side/main pot
2025-12-12 17:14:49,070 - engine.poker_game - WARNING - Pot logic residual: 30
2025-12-12 17:14:49,070 - tournament_runner - INFO - Hand #4 complete on table 1
2025-12-12 17:14:49,070 - tournament_runner - INFO - Starting hand #5 on table 1
2025-12-12 17:14:49,070 - engine.poker_game - INFO - aggressive_bot posts small blind: 10
2025-12-12 17:14:49,070 - engine.poker_game - INFO - conservative_bot posts big blind: 20
2025-12-12 17:14:49,071 - engine.poker_game - INFO - 
==============================
--- NEW HAND ---
2025-12-12 17:14:49,071 - engine.poker_game - INFO - Dealer: aggressive_bot
2025-12-12 17:14:49,071 - engine.poker_game - INFO - conservative_bot has PlayerHand(cards=[4♥, J♣]) (chips: 370)
2025-12-12 17:14:49,071 - engine.poker_game - INFO - aggressive_bot has PlayerHand(cards=[A♦, 7♠]) (chips: 3600)
2025-12-12 17:14:49,071 - engine.poker_game - INFO - 
--- PRE-FLOP BETTING ---
2025-12-12 17:14:49,071 - engine.poker_game - INFO -   aggressive_bot raises to 80
2025-12-12 17:14:49,071 - engine.poker_game - INFO -   conservative_bot folds
2025-12-12 17:14:49,071 - engine.poker_game - INFO - Community Cards: []
2025-12-12 17:14:49,071 - engine.poker_game - INFO - Pot: 100
2025-12-12 17:14:49,072 - engine.poker_game - INFO - --------------------
2025-12-12 17:14:49,072 - engine.poker_game - INFO - aggressive_bot wins 70 from side/main pot
2025-12-12 17:14:49,072 - engine.poker_game - WARNING - Pot logic residual: 30
2025-12-12 17:14:49,072 - tournament_runner - INFO - Hand #5 complete on table 1
2025-12-12 17:14:49,072 - tournament_runner - INFO - Starting hand #6 on table 1
2025-12-12 17:14:49,072 - engine.poker_game - INFO - conservative_bot posts small blind: 10
2025-12-12 17:14:49,072 - engine.poker_game - INFO - aggressive_bot posts big blind: 20
2025-12-12 17:14:49,072 - engine.poker_game - INFO - 
==============================
--- NEW HAND ---
2025-12-12 17:14:49,073 - engine.poker_game - INFO - Dealer: conservative_bot
2025-12-12 17:14:49,073 - engine.poker_game - INFO - conservative_bot has PlayerHand(cards=[7♦, 4♦]) (chips: 360)
2025-12-12 17:14:49,073 - engine.poker_game - INFO - aggressive_bot has PlayerHand(cards=[J♣, A♥]) (chips: 3610)
2025-12-12 17:14:49,073 - engine.poker_game - INFO - 
--- PRE-FLOP BETTING ---
2025-12-12 17:14:49,073 - engine.poker_game - INFO -   conservative_bot folds
2025-12-12 17:14:49,073 - engine.poker_game - INFO - Community Cards: []
2025-12-12 17:14:49,073 - engine.poker_game - INFO - Pot: 30
2025-12-12 17:14:49,073 - engine.poker_game - INFO - --------------------
2025-12-12 17:14:49,073 - tournament_runner - INFO - Hand #6 complete on table 1
2025-12-12 17:14:49,073 - tournament_runner - INFO - Starting hand #7 on table 1
2025-12-12 17:14:49,074 - engine.poker_game - INFO - aggressive_bot posts small blind: 10
2025-12-12 17:14:49,074 - engine.poker_game - INFO - conservative_bot posts big blind: 20
2025-12-12 17:14:49,074 - engine.poker_game - INFO - 
==============================
--- NEW HAND ---
2025-12-12 17:14:49,074 - engine.poker_game - INFO - Dealer: aggressive_bot
2025-12-12 17:14:49,074 - engine.poker_game - INFO - conservative_bot has PlayerHand(cards=[A♦, J♦]) (chips: 340)
2025-12-12 17:14:49,074 - engine.poker_game - INFO - aggressive_bot has PlayerHand(cards=[6♦, 7♠]) (chips: 3600)
2025-12-12 17:14:49,074 - engine.poker_game - INFO - 
--- PRE-FLOP BETTING ---
2025-12-12 17:14:49,074 - engine.poker_game - INFO -   aggressive_bot raises to 80
2025-12-12 17:14:49,075 - engine.poker_game - INFO -   conservative_bot raises to 140
2025-12-12 17:14:49,075 - engine.poker_game - INFO -   aggressive_bot raises to 200
2025-12-12 17:14:49,075 - engine.poker_game - INFO -   conservative_bot raises to 313
2025-12-12 17:14:49,075 - engine.poker_game - INFO -   aggressive_bot calls 113
2025-12-12 17:14:49,075 - engine.poker_game - INFO - Community Cards: []
2025-12-12 17:14:49,075 - engine.poker_game - INFO - Pot: 626
2025-12-12 17:14:49,075 - engine.poker_game - INFO - --------------------
2025-12-12 17:14:49,075 - engine.poker_game - INFO - FLOP: [5♥, 10♣, K♥]
2025-12-12 17:14:49,075 - engine.poker_game - INFO - 
--- FLOP BETTING ---
2025-12-12 17:14:49,076 - engine.poker_game - INFO -   conservative_bot goes all-in with 47
2025-12-12 17:14:49,076 - engine.poker_game - INFO -   aggressive_bot folds
2025-12-12 17:14:49,076 - engine.poker_game - INFO - Community Cards: [5♥, 10♣, K♥]
2025-12-12 17:14:49,076 - engine.poker_game - INFO - Pot: 673
2025-12-12 17:14:49,076 - engine.poker_game - INFO - --------------------
2025-12-12 17:14:49,076 - engine.poker_game - INFO - conservative_bot wins 606 from side/main pot
2025-12-12 17:14:49,076 - engine.poker_game - INFO - conservative_bot wins 37 from side/main pot
2025-12-12 17:14:49,076 - engine.poker_game - WARNING - Pot logic residual: 30
2025-12-12 17:14:49,077 - tournament_runner - INFO - Hand #7 complete on table 1
2025-12-12 17:14:49,077 - tournament_runner - INFO - Starting hand #8 on table 1
2025-12-12 17:14:49,077 - engine.poker_game - INFO - conservative_bot posts small blind: 10
2025-12-12 17:14:49,077 - engine.poker_game - INFO - aggressive_bot posts big blind: 20
2025-12-12 17:14:49,077 - engine.poker_game - INFO - 
==============================
--- NEW HAND ---
2025-12-12 17:14:49,077 - engine.poker_game - INFO - Dealer: conservative_bot
2025-12-12 17:14:49,077 - engine.poker_game - INFO - conservative_bot has PlayerHand(cards=[K♣, 7♠]) (chips: 663)
2025-12-12 17:14:49,077 - engine.poker_game - INFO - aggressive_bot has PlayerHand(cards=[6♠, 5♥]) (chips: 3277)
2025-12-12 17:14:49,077 - engine.poker_game - INFO - 
--- PRE-FLOP BETTING ---
2025-12-12 17:14:49,077 - engine.poker_game - INFO -   conservative_bot folds
2025-12-12 17:14:49,077 - engine.poker_game - INFO - Community Cards: []
2025-12-12 17:14:49,078 - engine.poker_game - INFO - Pot: 30
2025-12-12 17:14:49,078 - engine.poker_game - INFO - --------------------
2025-12-12 17:14:49,078 - tournament_runner - INFO - Hand #8 complete on table 1
2025-12-12 17:14:49,078 - tournament_runner - INFO - Starting hand #9 on table 1
2025-12-12 17:14:49,078 - engine.poker_game - INFO - aggressive_bot posts small blind: 10
2025-12-12 17:14:49,078 - engine.poker_game - INFO - conservative_bot posts big blind: 20
2025-12-12 17:14:49,078 - engine.poker_game - INFO - 
==============================
--- NEW HAND ---
2025-12-12 17:14:49,078 - engine.poker_game - INFO - Dealer: aggressive_bot
2025-12-12 17:14:49,078 - engine.poker_game - INFO - conservative_bot has PlayerHand(cards=[5♠, Q♠]) (chips: 643)
2025-12-12 17:14:49,078 - engine.poker_game - INFO - aggressive_bot has PlayerHand(cards=[K♦, 6♥]) (chips: 3267)
2025-12-12 17:14:49,079 - engine.poker_game - INFO - 
--- PRE-FLOP BETTING ---
2025-12-12 17:14:49,079 - engine.poker_game - INFO -   aggressive_bot calls 10
2025-12-12 17:14:49,079 - engine.poker_game - INFO -   conservative_bot folds
2025-12-12 17:14:49,079 - engine.poker_game - INFO - Community Cards: []
2025-12-12 17:14:49,079 - engine.poker_game - INFO - Pot: 40
2025-12-12 17:14:49,079 - engine.poker_game - INFO - --------------------
2025-12-12 17:14:49,079 - engine.poker_game - INFO - aggressive_bot wins 10 from side/main pot
2025-12-12 17:14:49,079 - engine.poker_game - WARNING - Pot logic residual: 30
2025-12-12 17:14:49,079 - tournament_runner - INFO - Hand #9 complete on table 1
2025-12-12 17:14:49,079 - tournament_runner - INFO - Starting hand #10 on table 1
2025-12-12 17:14:49,079 - engine.poker_game - INFO - conservative_bot posts small blind: 10
2025-12-12 17:14:49,080 - engine.poker_game - INFO - aggressive_bot posts big blind: 20
2025-12-12 17:14:49,080 - engine.poker_game - INFO - 
==============================
--- NEW HAND ---
2025-12-12 17:14:49,080 - engine.poker_game - INFO - Dealer: conservative_bot
2025-12-12 17:14:49,080 - engine.poker_game - INFO - conservative_bot has PlayerHand(cards=[J♦, 5♥]) (chips: 633)
2025-12-12 17:14:49,080 - engine.poker_game - INFO - aggressive_bot has PlayerHand(cards=[A♦, 9♠]) (chips: 3277)
2025-12-12 17:14:49,080 - engine.poker_game - INFO - 
--- PRE-FLOP BETTING ---
2025-12-12 17:14:49,080 - engine.poker_game - INFO -   conservative_bot folds
2025-12-12 17:14:49,080 - engine.poker_game - INFO - Community Cards: []
2025-12-12 17:14:49,080 - engine.poker_game - INFO - Pot: 30
2025-12-12 17:14:49,080 - engine.poker_game - INFO - --------------------
2025-12-12 17:14:49,080 - tournament_runner - INFO - Hand #10 complete on table 1
2025-12-12 17:14:49,081 - tournament_runner - INFO - Starting hand #11 on table 1
2025-12-12 17:14:49,081 - engine.poker_game - INFO - aggressive_bot posts small blind: 10
2025-12-12 17:14:49,081 - engine.poker_game - INFO - conservative_bot posts big blind: 20
2025-12-12 17:14:49,081 - engine.poker_game - INFO - 
==============================
--- NEW HAND ---
2025-12-12 17:14:49,081 - engine.poker_game - INFO - Dealer: aggressive_bot
2025-12-12 17:14:49,081 - engine.poker_game - INFO - conservative_bot has PlayerHand(cards=[5♣, 8♠]) (chips: 613)
2025-12-12 17:14:49,081 - engine.poker_game - INFO - aggressive_bot has PlayerHand(cards=[A♦, J♥]) (chips: 3267)
2025-12-12 17:14:49,082 - engine.poker_game - INFO - 
--- PRE-FLOP BETTING ---
2025-12-12 17:14:49,082 - engine.poker_game - INFO -   aggressive_bot folds
2025-12-12 17:14:49,082 - engine.poker_game - INFO - Community Cards: []
2025-12-12 17:14:49,082 - engine.poker_game - INFO - Pot: 30
2025-12-12 17:14:49,082 - engine.poker_game - INFO - --------------------
2025-12-12 17:14:49,082 - tournament_runner - INFO - Hand #11 complete on table 1
2025-12-12 17:14:49,082 - tournament_runner - INFO - Starting hand #12 on table 1
2025-12-12 17:14:49,082 - engine.poker_game - INFO - conservative_bot posts small blind: 10
2025-12-12 17:14:49,083 - engine.poker_game - INFO - aggressive_bot posts big blind: 20
2025-12-12 17:14:49,083 - engine.poker_game - INFO - 
==============================
--- NEW HAND ---
2025-12-12 17:14:49,083 - engine.poker_game - INFO - Dealer: conservative_bot
2025-12-12 17:14:49,083 - engine.poker_game - INFO - conservative_bot has PlayerHand(cards=[K♣, 6♥]) (chips: 603)
2025-12-12 17:14:49,083 - engine.poker_game - INFO - aggressive_bot has PlayerHand(cards=[9♣, A♥]) (chips: 3247)
2025-12-12 17:14:49,083 - engine.poker_game - INFO - 
--- PRE-FLOP BETTING ---
2025-12-12 17:14:49,083 - engine.poker_game - INFO -   conservative_bot folds
2025-12-12 17:14:49,083 - engine.poker_game - INFO - Community Cards: []
2025-12-12 17:14:49,083 - engine.poker_game - INFO - Pot: 30
2025-12-12 17:14:49,083 - engine.poker_game - INFO - --------------------
2025-12-12 17:14:49,084 - tournament_runner - INFO - Hand #12 complete on table 1
2025-12-12 17:14:49,084 - tournament_runner - INFO - Starting hand #13 on table 1
2025-12-12 17:14:49,084 - engine.poker_game - INFO - aggressive_bot posts small blind: 10
2025-12-12 17:14:49,084 - engine.poker_game - INFO - conservative_bot posts big blind: 20
2025-12-12 17:14:49,084 - engine.poker_game - INFO - 
==============================
--- NEW HAND ---
2025-12-12 17:14:49,084 - engine.poker_game - INFO - Dealer: aggressive_bot
2025-12-12 17:14:49,084 - engine.poker_game - INFO - conservative_bot has PlayerHand(cards=[7♣, 9♥]) (chips: 583)
2025-12-12 17:14:49,084 - engine.poker_game - INFO - aggressive_bot has PlayerHand(cards=[A♦, 5♣]) (chips: 3237)
2025-12-12 17:14:49,085 - engine.poker_game - INFO - 
--- PRE-FLOP BETTING ---
2025-12-12 17:14:49,085 - engine.poker_game - INFO -   aggressive_bot calls 10
2025-12-12 17:14:49,085 - engine.poker_game - INFO -   conservative_bot folds
2025-12-12 17:14:49,085 - engine.poker_game - INFO - Community Cards: []
2025-12-12 17:14:49,085 - engine.poker_game - INFO - Pot: 40
2025-12-12 17:14:49,085 - engine.poker_game - INFO - --------------------
2025-12-12 17:14:49,085 - engine.poker_game - INFO - aggressive_bot wins 10 from side/main pot
2025-12-12 17:14:49,085 - engine.poker_game - WARNING - Pot logic residual: 30
2025-12-12 17:14:49,086 - tournament_runner - INFO - Hand #13 complete on table 1
2025-12-12 17:14:49,086 - tournament_runner - INFO - Starting hand #14 on table 1
2025-12-12 17:14:49,086 - engine.poker_game - INFO - conservative_bot posts small blind: 10
2025-12-12 17:14:49,086 - engine.poker_game - INFO - aggressive_bot posts big blind: 20
2025-12-12 17:14:49,086 - engine.poker_game - INFO - 
==============================
--- NEW HAND ---
2025-12-12 17:14:49,086 - engine.poker_game - INFO - Dealer: conservative_bot
2025-12-12 17:14:49,086 - engine.poker_game - INFO - conservative_bot has PlayerHand(cards=[5♥, 4♠]) (chips: 573)
2025-12-12 17:14:49,086 - engine.poker_game - INFO - aggressive_bot has PlayerHand(cards=[3♥, 2♦]) (chips: 3247)
2025-12-12 17:14:49,087 - engine.poker_game - INFO - 
--- PRE-FLOP BETTING ---
2025-12-12 17:14:49,087 - engine.poker_game - INFO -   conservative_bot folds
2025-12-12 17:14:49,087 - engine.poker_game - INFO - Community Cards: []
2025-12-12 17:14:49,087 - engine.poker_game - INFO - Pot: 30
2025-12-12 17:14:49,087 - engine.poker_game - INFO - --------------------
2025-12-12 17:14:49,087 - tournament_runner - INFO - Hand #14 complete on table 1
2025-12-12 17:14:49,087 - tournament_runner - INFO - Starting hand #15 on table 1
2025-12-12 17:14:49,087 - engine.poker_game - INFO - aggressive_bot posts small blind: 10
2025-12-12 17:14:49,088 - engine.poker_game - INFO - conservative_bot posts big blind: 20
2025-12-12 17:14:49,088 - engine.poker_game - INFO - 
==============================
--- NEW HAND ---
2025-12-12 17:14:49,088 - engine.poker_game - INFO - Dealer: aggressive_bot
2025-12-12 17:14:49,088 - engine.poker_game - INFO - conservative_bot has PlayerHand(cards=[J♠, 7♣]) (chips: 553)
2025-12-12 17:14:49,088 - engine.poker_game - INFO - aggressive_bot has PlayerHand(cards=[K♠, A♥]) (chips: 3237)
2025-12-12 17:14:49,088 - engine.poker_game - INFO - 
--- PRE-FLOP BETTING ---
2025-12-12 17:14:49,088 - engine.poker_game - INFO -   aggressive_bot raises to 60
2025-12-12 17:14:49,089 - engine.poker_game - INFO -   conservative_bot folds
2025-12-12 17:14:49,089 - engine.poker_game - INFO - Community Cards: []
2025-12-12 17:14:49,089 - engine.poker_game - INFO - Pot: 80
2025-12-12 17:14:49,089 - engine.poker_game - INFO - --------------------
2025-12-12 17:14:49,089 - engine.poker_game - INFO - aggressive_bot wins 50 from side/main pot
2025-12-12 17:14:49,089 - engine.poker_game - WARNING - Pot logic residual: 30
2025-12-12 17:14:49,089 - tournament_runner - INFO - Hand #15 complete on table 1
2025-12-12 17:14:49,089 - tournament_runner - INFO - Starting hand #16 on table 1
2025-12-12 17:14:49,090 - engine.poker_game - INFO - conservative_bot posts small blind: 10
2025-12-12 17:14:49,090 - engine.poker_game - INFO - aggressive_bot posts big blind: 20
2025-12-12 17:14:49,090 - engine.poker_game - INFO - 
==============================
--- NEW HAND ---
2025-12-12 17:14:49,090 - engine.poker_game - INFO - Dealer: conservative_bot
2025-12-12 17:14:49,090 - engine.poker_game - INFO - conservative_bot has PlayerHand(cards=[J♠, Q♦]) (chips: 543)
2025-12-12 17:14:49,090 - engine.poker_game - INFO - aggressive_bot has PlayerHand(cards=[10♣, 2♦]) (chips: 3247)
2025-12-12 17:14:49,090 - engine.poker_game - INFO - 
--- PRE-FLOP BETTING ---
2025-12-12 17:14:49,090 - engine.poker_game - INFO -   conservative_bot raises to 40
2025-12-12 17:14:49,091 - engine.poker_game - INFO -   aggressive_bot folds
2025-12-12 17:14:49,091 - engine.poker_game - INFO - Community Cards: []
2025-12-12 17:14:49,091 - engine.poker_game - INFO - Pot: 60
2025-12-12 17:14:49,091 - engine.poker_game - INFO - --------------------
2025-12-12 17:14:49,091 - engine.poker_game - INFO - conservative_bot wins 30 from side/main pot
2025-12-12 17:14:49,091 - engine.poker_game - WARNING - Pot logic residual: 30
2025-12-12 17:14:49,091 - tournament_runner - INFO - Hand #16 complete on table 1
2025-12-12 17:14:49,091 - tournament_runner - INFO - Starting hand #17 on table 1
2025-12-12 17:14:49,092 - engine.poker_game - INFO - aggressive_bot posts small blind: 10
2025-12-12 17:14:49,092 - engine.poker_game - INFO - conservative_bot posts big blind: 20
2025-12-12 17:14:49,092 - engine.poker_game - INFO - 
==============================
--- NEW HAND ---
2025-12-12 17:14:49,092 - engine.poker_game - INFO - Dealer: aggressive_bot
2025-12-12 17:14:49,092 - engine.poker_game - INFO - conservative_bot has PlayerHand(cards=[3♥, 4♥]) (chips: 553)
2025-12-12 17:14:49,092 - engine.poker_game - INFO - aggressive_bot has PlayerHand(cards=[7♣, 6♣]) (chips: 3237)
2025-12-12 17:14:49,092 - engine.poker_game - INFO - 
--- PRE-FLOP BETTING ---
2025-12-12 17:14:49,092 - engine.poker_game - INFO -   aggressive_bot raises to 80
2025-12-12 17:14:49,092 - engine.poker_game - INFO -   conservative_bot folds
2025-12-12 17:14:49,092 - engine.poker_game - INFO - Community Cards: []
2025-12-12 17:14:49,093 - engine.poker_game - INFO - Pot: 100
2025-12-12 17:14:49,093 - engine.poker_game - INFO - --------------------
2025-12-12 17:14:49,093 - engine.poker_game - INFO - aggressive_bot wins 70 from side/main pot
2025-12-12 17:14:49,093 - engine.poker_game - WARNING - Pot logic residual: 30
2025-12-12 17:14:49,093 - tournament_runner - INFO - Hand #17 complete on table 1
2025-12-12 17:14:49,093 - tournament_runner - INFO - Starting hand #18 on table 1
2025-12-12 17:14:49,093 - engine.poker_game - INFO - conservative_bot posts small blind: 10
2025-12-12 17:14:49,093 - engine.poker_game - INFO - aggressive_bot posts big blind: 20
2025-12-12 17:14:49,093 - engine.poker_game - INFO - 
==============================
--- NEW HAND ---
2025-12-12 17:14:49,093 - engine.poker_game - INFO - Dealer: conservative_bot
2025-12-12 17:14:49,093 - engine.poker_game - INFO - conservative_bot has PlayerHand(cards=[8♠, 10♣]) (chips: 543)
2025-12-12 17:14:49,094 - engine.poker_game - INFO - aggressive_bot has PlayerHand(cards=[4♠, 8♣]) (chips: 3247)
2025-12-12 17:14:49,094 - engine.poker_game - INFO - 
--- PRE-FLOP BETTING ---
2025-12-12 17:14:49,094 - engine.poker_game - INFO -   conservative_bot folds
2025-12-12 17:14:49,094 - engine.poker_game - INFO - Community Cards: []
2025-12-12 17:14:49,094 - engine.poker_game - INFO - Pot: 30
2025-12-12 17:14:49,095 - engine.poker_game - INFO - --------------------
2025-12-12 17:14:49,095 - tournament_runner - INFO - Hand #18 complete on table 1
2025-12-12 17:14:49,095 - tournament_runner - INFO - Starting hand #19 on table 1
2025-12-12 17:14:49,095 - engine.poker_game - INFO - aggressive_bot posts small blind: 10
2025-12-12 17:14:49,096 - engine.poker_game - INFO - conservative_bot posts big blind: 20
2025-12-12 17:14:49,096 - engine.poker_game - INFO - 
==============================
--- NEW HAND ---
2025-12-12 17:14:49,096 - engine.poker_game - INFO - Dealer: aggressive_bot
2025-12-12 17:14:49,096 - engine.poker_game - INFO - conservative_bot has PlayerHand(cards=[K♥, 7♥]) (chips: 523)
2025-12-12 17:14:49,096 - engine.poker_game - INFO - aggressive_bot has PlayerHand(cards=[A♠, 10♠]) (chips: 3237)
2025-12-12 17:14:49,096 - engine.poker_game - INFO - 
--- PRE-FLOP BETTING ---
2025-12-12 17:14:49,096 - engine.poker_game - INFO -   aggressive_bot raises to 80
2025-12-12 17:14:49,096 - engine.poker_game - INFO -   conservative_bot folds
2025-12-12 17:14:49,096 - engine.poker_game - INFO - Community Cards: []
2025-12-12 17:14:49,096 - engine.poker_game - INFO - Pot: 100
2025-12-12 17:14:49,097 - engine.poker_game - INFO - --------------------
2025-12-12 17:14:49,097 - engine.poker_game - INFO - aggressive_bot wins 70 from side/main pot
2025-12-12 17:14:49,097 - engine.poker_game - WARNING - Pot logic residual: 30
2025-12-12 17:14:49,097 - tournament_runner - INFO - Hand #19 complete on table 1
2025-12-12 17:14:49,097 - tournament_runner - INFO - Starting hand #20 on table 1
2025-12-12 17:14:49,097 - engine.poker_game - INFO - conservative_bot posts small blind: 10
2025-12-12 17:14:49,097 - engine.poker_game - INFO - aggressive_bot posts big blind: 20
2025-12-12 17:14:49,097 - engine.poker_game - INFO - 
==============================
--- NEW HAND ---
2025-12-12 17:14:49,097 - engine.poker_game - INFO - Dealer: conservative_bot
2025-12-12 17:14:49,098 - engine.poker_game - INFO - conservative_bot has PlayerHand(cards=[6♠, 5♦]) (chips: 513)
2025-12-12 17:14:49,098 - engine.poker_game - INFO - aggressive_bot has PlayerHand(cards=[9♦, J♥]) (chips: 3247)
2025-12-12 17:14:49,098 - engine.poker_game - INFO - 
--- PRE-FLOP BETTING ---
2025-12-12 17:14:49,098 - engine.poker_game - INFO -   conservative_bot folds
2025-12-12 17:14:49,098 - engine.poker_game - INFO - Community Cards: []
2025-12-12 17:14:49,098 - engine.poker_game - INFO - Pot: 30
2025-12-12 17:14:49,098 - engine.poker_game - INFO - --------------------
2025-12-12 17:14:49,098 - tournament_runner - INFO - Hand #20 complete on table 1
2025-12-12 17:14:49,098 - tournament_runner - INFO - Starting hand #21 on table 1
2025-12-12 17:14:49,099 - engine.poker_game - INFO - aggressive_bot posts small blind: 10
2025-12-12 17:14:49,099 - engine.poker_game - INFO - conservative_bot posts big blind: 20
2025-12-12 17:14:49,099 - engine.poker_game - INFO - 
==============================
--- NEW HAND ---
2025-12-12 17:14:49,099 - engine.poker_game - INFO - Dealer: aggressive_bot
2025-12-12 17:14:49,099 - engine.poker_game - INFO - conservative_bot has PlayerHand(cards=[2♦, 5♠]) (chips: 493)
2025-12-12 17:14:49,099 - engine.poker_game - INFO - aggressive_bot has PlayerHand(cards=[A♣, 7♥]) (chips: 3237)
2025-12-12 17:14:49,099 - engine.poker_game - INFO - 
--- PRE-FLOP BETTING ---
2025-12-12 17:14:49,099 - engine.poker_game - INFO -   aggressive_bot calls 10
2025-12-12 17:14:49,099 - engine.poker_game - INFO -   conservative_bot folds
2025-12-12 17:14:49,099 - engine.poker_game - INFO - Community Cards: []
2025-12-12 17:14:49,099 - engine.poker_game - INFO - Pot: 40
2025-12-12 17:14:49,100 - engine.poker_game - INFO - --------------------
2025-12-12 17:14:49,100 - engine.poker_game - INFO - aggressive_bot wins 10 from side/main pot
2025-12-12 17:14:49,100 - engine.poker_game - WARNING - Pot logic residual: 30
2025-12-12 17:14:49,100 - tournament_runner - INFO - Hand #21 complete on table 1
2025-12-12 17:14:49,100 - tournament_runner - INFO - Starting hand #22 on table 1
2025-12-12 17:14:49,100 - engine.poker_game - INFO - conservative_bot posts small blind: 10
2025-12-12 17:14:49,100 - engine.poker_game - INFO - aggressive_bot posts big blind: 20
2025-12-12 17:14:49,100 - engine.poker_game - INFO - 
==============================
--- NEW HAND ---
2025-12-12 17:14:49,100 - engine.poker_game - INFO - Dealer: conservative_bot
2025-12-12 17:14:49,101 - engine.poker_game - INFO - conservative_bot has PlayerHand(cards=[3♠, 5♥]) (chips: 483)
2025-12-12 17:14:49,101 - engine.poker_game - INFO - aggressive_bot has PlayerHand(cards=[9♦, Q♥]) (chips: 3247)
2025-12-12 17:14:49,101 - engine.poker_game - INFO - 
--- PRE-FLOP BETTING ---
2025-12-12 17:14:49,101 - engine.poker_game - INFO -   conservative_bot folds
2025-12-12 17:14:49,101 - engine.poker_game - INFO - Community Cards: []
2025-12-12 17:14:49,101 - engine.poker_game - INFO - Pot: 30
2025-12-12 17:14:49,101 - engine.poker_game - INFO - --------------------
2025-12-12 17:14:49,101 - tournament_runner - INFO - Hand #22 complete on table 1
2025-12-12 17:14:49,101 - tournament_runner - INFO - Starting hand #23 on table 1
2025-12-12 17:14:49,102 - engine.poker_game - INFO - aggressive_bot posts small blind: 10
2025-12-12 17:14:49,102 - engine.poker_game - INFO - conservative_bot posts big blind: 20
2025-12-12 17:14:49,102 - engine.poker_game - INFO - 
==============================
--- NEW HAND ---
2025-12-12 17:14:49,102 - engine.poker_game - INFO - Dealer: aggressive_bot
2025-12-12 17:14:49,102 - engine.poker_game - INFO - conservative_bot has PlayerHand(cards=[10♠, J♣]) (chips: 463)
2025-12-12 17:14:49,102 - engine.poker_game - INFO - aggressive_bot has PlayerHand(cards=[A♠, A♥]) (chips: 3237)
2025-12-12 17:14:49,102 - engine.poker_game - INFO - 
--- PRE-FLOP BETTING ---
2025-12-12 17:14:49,102 - engine.poker_game - INFO -   aggressive_bot calls 10
2025-12-12 17:14:49,102 - engine.poker_game - INFO -   conservative_bot folds
2025-12-12 17:14:49,102 - engine.poker_game - INFO - Community Cards: []
2025-12-12 17:14:49,102 - engine.poker_game - INFO - Pot: 40
2025-12-12 17:14:49,103 - engine.poker_game - INFO - --------------------
2025-12-12 17:14:49,103 - engine.poker_game - INFO - aggressive_bot wins 10 from side/main pot
2025-12-12 17:14:49,103 - engine.poker_game - WARNING - Pot logic residual: 30
2025-12-12 17:14:49,103 - tournament_runner - INFO - Hand #23 complete on table 1
2025-12-12 17:14:49,103 - tournament_runner - INFO - Starting hand #24 on table 1
2025-12-12 17:14:49,103 - engine.poker_game - INFO - conservative_bot posts small blind: 10
2025-12-12 17:14:49,103 - engine.poker_game - INFO - aggressive_bot posts big blind: 20
2025-12-12 17:14:49,103 - engine.poker_game - INFO - 
==============================
--- NEW HAND ---
2025-12-12 17:14:49,103 - engine.poker_game - INFO - Dealer: conservative_bot
2025-12-12 17:14:49,103 - engine.poker_game - INFO - conservative_bot has PlayerHand(cards=[2♣, 4♦]) (chips: 453)
2025-12-12 17:14:49,104 - engine.poker_game - INFO - aggressive_bot has PlayerHand(cards=[10♠, A♠]) (chips: 3247)
2025-12-12 17:14:49,104 - engine.poker_game - INFO - 
--- PRE-FLOP BETTING ---
2025-12-12 17:14:49,104 - engine.poker_game - INFO -   conservative_bot folds
2025-12-12 17:14:49,104 - engine.poker_game - INFO - Community Cards: []
2025-12-12 17:14:49,104 - engine.poker_game - INFO - Pot: 30
2025-12-12 17:14:49,104 - engine.poker_game - INFO - --------------------
2025-12-12 17:14:49,104 - tournament_runner - INFO - Hand #24 complete on table 1
2025-12-12 17:14:49,104 - tournament_runner - INFO - Starting hand #25 on table 1
2025-12-12 17:14:49,104 - engine.poker_game - INFO - aggressive_bot posts small blind: 10
2025-12-12 17:14:49,104 - engine.poker_game - INFO - conservative_bot posts big blind: 20
2025-12-12 17:14:49,105 - engine.poker_game - INFO - 
==============================
--- NEW HAND ---
2025-12-12 17:14:49,105 - engine.poker_game - INFO - Dealer: aggressive_bot
2025-12-12 17:14:49,105 - engine.poker_game - INFO - conservative_bot has PlayerHand(cards=[K♠, 10♣]) (chips: 433)
2025-12-12 17:14:49,105 - engine.poker_game - INFO - aggressive_bot has PlayerHand(cards=[9♣, Q♥]) (chips: 3237)
2025-12-12 17:14:49,105 - engine.poker_game - INFO - 
--- PRE-FLOP BETTING ---
2025-12-12 17:14:49,105 - engine.poker_game - INFO -   aggressive_bot calls 10
2025-12-12 17:14:49,105 - engine.poker_game - INFO -   conservative_bot folds
2025-12-12 17:14:49,105 - engine.poker_game - INFO - Community Cards: []
2025-12-12 17:14:49,105 - engine.poker_game - INFO - Pot: 40
2025-12-12 17:14:49,105 - engine.poker_game - INFO - --------------------
2025-12-12 17:14:49,105 - engine.poker_game - INFO - aggressive_bot wins 10 from side/main pot
2025-12-12 17:14:49,106 - engine.poker_game - WARNING - Pot logic residual: 30
2025-12-12 17:14:49,106 - tournament_runner - INFO - Hand #25 complete on table 1
2025-12-12 17:14:49,106 - tournament_runner - INFO - Starting hand #26 on table 1
2025-12-12 17:14:49,106 - engine.poker_game - INFO - conservative_bot posts small blind: 10
2025-12-12 17:14:49,106 - engine.poker_game - INFO - aggressive_bot posts big blind: 20
2025-12-12 17:14:49,106 - engine.poker_game - INFO - 
==============================
--- NEW HAND ---
2025-12-12 17:14:49,106 - engine.poker_game - INFO - Dealer: conservative_bot
2025-12-12 17:14:49,106 - engine.poker_game - INFO - conservative_bot has PlayerHand(cards=[7♣, J♥]) (chips: 423)
2025-12-12 17:14:49,106 - engine.poker_game - INFO - aggressive_bot has PlayerHand(cards=[Q♦, K♥]) (chips: 3247)
2025-12-12 17:14:49,106 - engine.poker_game - INFO - 
--- PRE-FLOP BETTING ---
2025-12-12 17:14:49,107 - engine.poker_game - INFO -   conservative_bot folds
2025-12-12 17:14:49,107 - engine.poker_game - INFO - Community Cards: []
2025-12-12 17:14:49,107 - engine.poker_game - INFO - Pot: 30
2025-12-12 17:14:49,107 - engine.poker_game - INFO - --------------------
2025-12-12 17:14:49,107 - tournament_runner - INFO - Hand #26 complete on table 1
2025-12-12 17:14:49,107 - tournament_runner - INFO - Starting hand #27 on table 1
2025-12-12 17:14:49,107 - engine.poker_game - INFO - aggressive_bot posts small blind: 10
2025-12-12 17:14:49,107 - engine.poker_game - INFO - conservative_bot posts big blind: 20
2025-12-12 17:14:49,107 - engine.poker_game - INFO - 
==============================
--- NEW HAND ---
2025-12-12 17:14:49,107 - engine.poker_game - INFO - Dealer: aggressive_bot
2025-12-12 17:14:49,107 - engine.poker_game - INFO - conservative_bot has PlayerHand(cards=[10♦, 5♥]) (chips: 403)
2025-12-12 17:14:49,107 - engine.poker_game - INFO - aggressive_bot has PlayerHand(cards=[4♠, K♠]) (chips: 3237)
2025-12-12 17:14:49,107 - engine.poker_game - INFO - 
--- PRE-FLOP BETTING ---
2025-12-12 17:14:49,108 - engine.poker_game - INFO -   aggressive_bot calls 10
2025-12-12 17:14:49,108 - engine.poker_game - INFO -   conservative_bot folds
2025-12-12 17:14:49,108 - engine.poker_game - INFO - Community Cards: []
2025-12-12 17:14:49,108 - engine.poker_game - INFO - Pot: 40
2025-12-12 17:14:49,108 - engine.poker_game - INFO - --------------------
2025-12-12 17:14:49,108 - engine.poker_game - INFO - aggressive_bot wins 10 from side/main pot
2025-12-12 17:14:49,108 - engine.poker_game - WARNING - Pot logic residual: 30
2025-12-12 17:14:49,108 - tournament_runner - INFO - Hand #27 complete on table 1
2025-12-12 17:14:49,108 - tournament_runner - INFO - Starting hand #28 on table 1
2025-12-12 17:14:49,109 - engine.poker_game - INFO - conservative_bot posts small blind: 10
2025-12-12 17:14:49,109 - engine.poker_game - INFO - aggressive_bot posts big blind: 20
2025-12-12 17:14:49,109 - engine.poker_game - INFO - 
==============================
--- NEW HAND ---
2025-12-12 17:14:49,109 - engine.poker_game - INFO - Dealer: conservative_bot
2025-12-12 17:14:49,109 - engine.poker_game - INFO - conservative_bot has PlayerHand(cards=[A♥, 2♦]) (chips: 393)
2025-12-12 17:14:49,109 - engine.poker_game - INFO - aggressive_bot has PlayerHand(cards=[K♥, 9♣]) (chips: 3247)
2025-12-12 17:14:49,109 - engine.poker_game - INFO - 
--- PRE-FLOP BETTING ---
2025-12-12 17:14:49,109 - engine.poker_game - INFO -   conservative_bot folds
2025-12-12 17:14:49,109 - engine.poker_game - INFO - Community Cards: []
2025-12-12 17:14:49,109 - engine.poker_game - INFO - Pot: 30
2025-12-12 17:14:49,109 - engine.poker_game - INFO - --------------------
2025-12-12 17:14:49,110 - tournament_runner - INFO - Hand #28 complete on table 1
2025-12-12 17:14:49,110 - tournament_runner - INFO - Starting hand #29 on table 1
2025-12-12 17:14:49,110 - engine.poker_game - INFO - aggressive_bot posts small blind: 10
2025-12-12 17:14:49,110 - engine.poker_game - INFO - conservative_bot posts big blind: 20
2025-12-12 17:14:49,110 - engine.poker_game - INFO - 
==============================
--- NEW HAND ---
2025-12-12 17:14:49,110 - engine.poker_game - INFO - Dealer: aggressive_bot
2025-12-12 17:14:49,110 - engine.poker_game - INFO - conservative_bot has PlayerHand(cards=[Q♥, K♣]) (chips: 373)
2025-12-12 17:14:49,110 - engine.poker_game - INFO - aggressive_bot has PlayerHand(cards=[9♣, 2♦]) (chips: 3237)
2025-12-12 17:14:49,110 - engine.poker_game - INFO - 
--- PRE-FLOP BETTING ---
2025-12-12 17:14:49,111 - engine.poker_game - INFO -   aggressive_bot folds
2025-12-12 17:14:49,111 - engine.poker_game - INFO - Community Cards: []
2025-12-12 17:14:49,111 - engine.poker_game - INFO - Pot: 30
2025-12-12 17:14:49,111 - engine.poker_game - INFO - --------------------
2025-12-12 17:14:49,111 - tournament_runner - INFO - Hand #29 complete on table 1
2025-12-12 17:14:49,111 - tournament_runner - INFO - Starting hand #30 on table 1
2025-12-12 17:14:49,111 - engine.poker_game - INFO - conservative_bot posts small blind: 10
2025-12-12 17:14:49,111 - engine.poker_game - INFO - aggressive_bot posts big blind: 20
2025-12-12 17:14:49,111 - engine.poker_game - INFO - 
==============================
--- NEW HAND ---
2025-12-12 17:14:49,111 - engine.poker_game - INFO - Dealer: conservative_bot
2025-12-12 17:14:49,112 - engine.poker_game - INFO - conservative_bot has PlayerHand(cards=[3♣, Q♠]) (chips: 363)
2025-12-12 17:14:49,112 - engine.poker_game - INFO - aggressive_bot has PlayerHand(cards=[10♣, 6♣]) (chips: 3217)
2025-12-12 17:14:49,112 - engine.poker_game - INFO - 
--- PRE-FLOP BETTING ---
2025-12-12 17:14:49,112 - engine.poker_game - INFO -   conservative_bot folds
2025-12-12 17:14:49,112 - engine.poker_game - INFO - Community Cards: []
2025-12-12 17:14:49,112 - engine.poker_game - INFO - Pot: 30
2025-12-12 17:14:49,112 - engine.poker_game - INFO - --------------------
2025-12-12 17:14:49,112 - tournament_runner - INFO - Hand #30 complete on table 1
2025-12-12 17:14:49,112 - tournament_runner - INFO - Starting hand #31 on table 1
2025-12-12 17:14:49,113 - engine.poker_game - INFO - aggressive_bot posts small blind: 10
2025-12-12 17:14:49,113 - engine.poker_game - INFO - conservative_bot posts big blind: 20
2025-12-12 17:14:49,113 - engine.poker_game - INFO - 
==============================
--- NEW HAND ---
2025-12-12 17:14:49,113 - engine.poker_game - INFO - Dealer: aggressive_bot
2025-12-12 17:14:49,113 - engine.poker_game - INFO - conservative_bot has PlayerHand(cards=[2♠, 10♠]) (chips: 343)
2025-12-12 17:14:49,113 - engine.poker_game - INFO - aggressive_bot has PlayerHand(cards=[6♥, J♥]) (chips: 3207)
2025-12-12 17:14:49,113 - engine.poker_game - INFO - 
--- PRE-FLOP BETTING ---
2025-12-12 17:14:49,113 - engine.poker_game - INFO -   aggressive_bot calls 10
2025-12-12 17:14:49,113 - engine.poker_game - INFO -   conservative_bot folds
2025-12-12 17:14:49,113 - engine.poker_game - INFO - Community Cards: []
2025-12-12 17:14:49,114 - engine.poker_game - INFO - Pot: 40
2025-12-12 17:14:49,114 - engine.poker_game - INFO - --------------------
2025-12-12 17:14:49,114 - engine.poker_game - INFO - aggressive_bot wins 10 from side/main pot
2025-12-12 17:14:49,114 - engine.poker_game - WARNING - Pot logic residual: 30
2025-12-12 17:14:49,114 - tournament_runner - INFO - Hand #31 complete on table 1
2025-12-12 17:14:49,114 - tournament_runner - INFO - Starting hand #32 on table 1
2025-12-12 17:14:49,114 - engine.poker_game - INFO - conservative_bot posts small blind: 10
2025-12-12 17:14:49,114 - engine.poker_game - INFO - aggressive_bot posts big blind: 20
2025-12-12 17:14:49,114 - engine.poker_game - INFO - 
==============================
--- NEW HAND ---
2025-12-12 17:14:49,114 - engine.poker_game - INFO - Dealer: conservative_bot
2025-12-12 17:14:49,115 - engine.poker_game - INFO - conservative_bot has PlayerHand(cards=[10♣, 6♣]) (chips: 333)
2025-12-12 17:14:49,115 - engine.poker_game - INFO - aggressive_bot has PlayerHand(cards=[8♠, 4♣]) (chips: 3217)
2025-12-12 17:14:49,115 - engine.poker_game - INFO - 
--- PRE-FLOP BETTING ---
2025-12-12 17:14:49,115 - engine.poker_game - INFO -   conservative_bot folds
2025-12-12 17:14:49,115 - engine.poker_game - INFO - Community Cards: []
2025-12-12 17:14:49,115 - engine.poker_game - INFO - Pot: 30
2025-12-12 17:14:49,115 - engine.poker_game - INFO - --------------------
2025-12-12 17:14:49,115 - tournament_runner - INFO - Hand #32 complete on table 1
2025-12-12 17:14:49,115 - tournament_runner - INFO - Starting hand #33 on table 1
2025-12-12 17:14:49,116 - engine.poker_game - INFO - aggressive_bot posts small blind: 10
2025-12-12 17:14:49,116 - engine.poker_game - INFO - conservative_bot posts big blind: 20
2025-12-12 17:14:49,116 - engine.poker_game - INFO - 
==============================
--- NEW HAND ---
2025-12-12 17:14:49,116 - engine.poker_game - INFO - Dealer: aggressive_bot
2025-12-12 17:14:49,116 - engine.poker_game - INFO - conservative_bot has PlayerHand(cards=[3♠, 6♦]) (chips: 313)
2025-12-12 17:14:49,116 - engine.poker_game - INFO - aggressive_bot has PlayerHand(cards=[10♠, 4♣]) (chips: 3207)
2025-12-12 17:14:49,116 - engine.poker_game - INFO - 
--- PRE-FLOP BETTING ---
2025-12-12 17:14:49,116 - engine.poker_game - INFO -   aggressive_bot calls 10
2025-12-12 17:14:49,116 - engine.poker_game - INFO -   conservative_bot folds
2025-12-12 17:14:49,117 - engine.poker_game - INFO - Community Cards: []
2025-12-12 17:14:49,117 - engine.poker_game - INFO - Pot: 40
2025-12-12 17:14:49,117 - engine.poker_game - INFO - --------------------
2025-12-12 17:14:49,117 - engine.poker_game - INFO - aggressive_bot wins 10 from side/main pot
2025-12-12 17:14:49,117 - engine.poker_game - WARNING - Pot logic residual: 30
2025-12-12 17:14:49,117 - tournament_runner - INFO - Hand #33 complete on table 1
2025-12-12 17:14:49,117 - tournament_runner - INFO - Starting hand #34 on table 1
2025-12-12 17:14:49,117 - engine.poker_game - INFO - conservative_bot posts small blind: 10
2025-12-12 17:14:49,117 - engine.poker_game - INFO - aggressive_bot posts big blind: 20
2025-12-12 17:14:49,118 - engine.poker_game - INFO - 
==============================
--- NEW HAND ---
2025-12-12 17:14:49,118 - engine.poker_game - INFO - Dealer: conservative_bot
2025-12-12 17:14:49,118 - engine.poker_game - INFO - conservative_bot has PlayerHand(cards=[3♥, 2♣]) (chips: 303)
2025-12-12 17:14:49,118 - engine.poker_game - INFO - aggressive_bot has PlayerHand(cards=[9♥, A♣]) (chips: 3217)
2025-12-12 17:14:49,118 - engine.poker_game - INFO - 
--- PRE-FLOP BETTING ---
2025-12-12 17:14:49,118 - engine.poker_game - INFO -   conservative_bot folds
2025-12-12 17:14:49,118 - engine.poker_game - INFO - Community Cards: []
2025-12-12 17:14:49,118 - engine.poker_game - INFO - Pot: 30
2025-12-12 17:14:49,118 - engine.poker_game - INFO - --------------------
2025-12-12 17:14:49,118 - tournament_runner - INFO - Hand #34 complete on table 1
2025-12-12 17:14:49,119 - tournament_runner - INFO - Starting hand #35 on table 1
2025-12-12 17:14:49,119 - engine.poker_game - INFO - aggressive_bot posts small blind: 10
2025-12-12 17:14:49,119 - engine.poker_game - INFO - conservative_bot posts big blind: 20
2025-12-12 17:14:49,119 - engine.poker_game - INFO - 
==============================
--- NEW HAND ---
2025-12-12 17:14:49,119 - engine.poker_game - INFO - Dealer: aggressive_bot
2025-12-12 17:14:49,119 - engine.poker_game - INFO - conservative_bot has PlayerHand(cards=[10♥, 10♠]) (chips: 283)
2025-12-12 17:14:49,119 - engine.poker_game - INFO - aggressive_bot has PlayerHand(cards=[5♥, K♠]) (chips: 3207)
2025-12-12 17:14:49,119 - engine.poker_game - INFO - 
--- PRE-FLOP BETTING ---
2025-12-12 17:14:49,119 - engine.poker_game - INFO -   aggressive_bot raises to 80
2025-12-12 17:14:49,120 - engine.poker_game - INFO -   conservative_bot raises to 140
2025-12-12 17:14:49,120 - engine.poker_game - INFO -   aggressive_bot calls 60
2025-12-12 17:14:49,120 - engine.poker_game - INFO - Community Cards: []
2025-12-12 17:14:49,120 - engine.poker_game - INFO - Pot: 280
2025-12-12 17:14:49,120 - engine.poker_game - INFO - --------------------
2025-12-12 17:14:49,120 - engine.poker_game - INFO - FLOP: [K♦, 4♥, 8♦]
2025-12-12 17:14:49,120 - engine.poker_game - INFO - 
--- FLOP BETTING ---
2025-12-12 17:14:49,120 - engine.poker_game - INFO -   conservative_bot raises to 93
2025-12-12 17:14:49,120 - engine.poker_game - INFO -   aggressive_bot raises to 373
2025-12-12 17:14:49,121 - engine.poker_game - INFO -   conservative_bot folds
2025-12-12 17:14:49,121 - engine.poker_game - INFO - Community Cards: [K♦, 4♥, 8♦]
2025-12-12 17:14:49,121 - engine.poker_game - INFO - Pot: 746
2025-12-12 17:14:49,121 - engine.poker_game - INFO - --------------------
2025-12-12 17:14:49,121 - engine.poker_game - INFO - aggressive_bot wins 426 from side/main pot
2025-12-12 17:14:49,121 - engine.poker_game - INFO - aggressive_bot wins 290 from side/main pot
2025-12-12 17:14:49,121 - engine.poker_game - WARNING - Pot logic residual: 30
2025-12-12 17:14:49,121 - tournament_runner - INFO - Hand #35 complete on table 1
2025-12-12 17:14:49,121 - tournament_runner - INFO - Starting hand #36 on table 1
2025-12-12 17:14:49,121 - engine.poker_game - INFO - conservative_bot posts small blind: 10
2025-12-12 17:14:49,122 - engine.poker_game - INFO - aggressive_bot posts big blind: 20
2025-12-12 17:14:49,122 - engine.poker_game - INFO - 
==============================
--- NEW HAND ---
2025-12-12 17:14:49,122 - engine.poker_game - INFO - Dealer: conservative_bot
2025-12-12 17:14:49,122 - engine.poker_game - INFO - conservative_bot has PlayerHand(cards=[J♥, 9♠]) (chips: 60)
2025-12-12 17:14:49,122 - engine.poker_game - INFO - aggressive_bot has PlayerHand(cards=[7♣, 2♦]) (chips: 3430)
2025-12-12 17:14:49,122 - engine.poker_game - INFO - 
--- PRE-FLOP BETTING ---
2025-12-12 17:14:49,122 - engine.poker_game - INFO -   conservative_bot folds
2025-12-12 17:14:49,122 - engine.poker_game - INFO - Community Cards: []
2025-12-12 17:14:49,122 - engine.poker_game - INFO - Pot: 30
2025-12-12 17:14:49,122 - engine.poker_game - INFO - --------------------
2025-12-12 17:14:49,122 - tournament_runner - INFO - Hand #36 complete on table 1
2025-12-12 17:14:49,123 - tournament_runner - INFO - Starting hand #37 on table 1
2025-12-12 17:14:49,123 - engine.poker_game - INFO - aggressive_bot posts small blind: 10
2025-12-12 17:14:49,123 - engine.poker_game - INFO - conservative_bot posts big blind: 20
2025-12-12 17:14:49,123 - engine.poker_game - INFO - 
==============================
--- NEW HAND ---
2025-12-12 17:14:49,123 - engine.poker_game - INFO - Dealer: aggressive_bot
2025-12-12 17:14:49,123 - engine.poker_game - INFO - conservative_bot has PlayerHand(cards=[4♣, 8♥]) (chips: 40)
2025-12-12 17:14:49,123 - engine.poker_game - INFO - aggressive_bot has PlayerHand(cards=[10♣, J♥]) (chips: 3420)
2025-12-12 17:14:49,123 - engine.poker_game - INFO - 
--- PRE-FLOP BETTING ---
2025-12-12 17:14:49,123 - engine.poker_game - INFO -   aggressive_bot calls 10
2025-12-12 17:14:49,124 - engine.poker_game - INFO -   conservative_bot folds
2025-12-12 17:14:49,124 - engine.poker_game - INFO - Community Cards: []
2025-12-12 17:14:49,124 - engine.poker_game - INFO - Pot: 40
2025-12-12 17:14:49,124 - engine.poker_game - INFO - --------------------
2025-12-12 17:14:49,124 - engine.poker_game - INFO - aggressive_bot wins 10 from side/main pot
2025-12-12 17:14:49,124 - engine.poker_game - WARNING - Pot logic residual: 30
2025-12-12 17:14:49,124 - tournament_runner - INFO - Hand #37 complete on table 1
2025-12-12 17:14:49,124 - tournament_runner - INFO - Starting hand #38 on table 1
2025-12-12 17:14:49,124 - engine.poker_game - INFO - conservative_bot posts small blind: 10
2025-12-12 17:14:49,125 - engine.poker_game - INFO - aggressive_bot posts big blind: 20
2025-12-12 17:14:49,125 - engine.poker_game - INFO - 
==============================
--- NEW HAND ---
2025-12-12 17:14:49,125 - engine.poker_game - INFO - Dealer: conservative_bot
2025-12-12 17:14:49,125 - engine.poker_game - INFO - conservative_bot has PlayerHand(cards=[5♣, 2♥]) (chips: 30)
2025-12-12 17:14:49,125 - engine.poker_game - INFO - aggressive_bot has PlayerHand(cards=[5♠, 6♠]) (chips: 3430)
2025-12-12 17:14:49,125 - engine.poker_game - INFO - 
--- PRE-FLOP BETTING ---
2025-12-12 17:14:49,125 - engine.poker_game - INFO -   conservative_bot folds
2025-12-12 17:14:49,125 - engine.poker_game - INFO - Community Cards: []
2025-12-12 17:14:49,125 - engine.poker_game - INFO - Pot: 30
2025-12-12 17:14:49,125 - engine.poker_game - INFO - --------------------
2025-12-12 17:14:49,126 - tournament_runner - INFO - Hand #38 complete on table 1
2025-12-12 17:14:49,126 - tournament_runner - INFO - Starting hand #39 on table 1
2025-12-12 17:14:49,126 - engine.poker_game - INFO - aggressive_bot posts small blind: 10
2025-12-12 17:14:49,126 - engine.poker_game - INFO - conservative_bot posts big blind: 20
2025-12-12 17:14:49,126 - engine.poker_game - INFO - 
==============================
--- NEW HAND ---
2025-12-12 17:14:49,126 - engine.poker_game - INFO - Dealer: aggressive_bot
2025-12-12 17:14:49,126 - engine.poker_game - INFO - conservative_bot has PlayerHand(cards=[3♣, 3♠]) (chips: 10)
2025-12-12 17:14:49,126 - engine.poker_game - INFO - aggressive_bot has PlayerHand(cards=[6♣, 8♠]) (chips: 3420)
2025-12-12 17:14:49,126 - engine.poker_game - INFO - 
--- PRE-FLOP BETTING ---
2025-12-12 17:14:49,126 - engine.poker_game - INFO -   aggressive_bot calls 10
2025-12-12 17:14:49,127 - engine.poker_game - INFO -   conservative_bot folds
2025-12-12 17:14:49,127 - engine.poker_game - INFO - Community Cards: []
2025-12-12 17:14:49,127 - engine.poker_game - INFO - Pot: 40
2025-12-12 17:14:49,127 - engine.poker_game - INFO - --------------------
2025-12-12 17:14:49,127 - engine.poker_game - INFO - aggressive_bot wins 10 from side/main pot
2025-12-12 17:14:49,127 - engine.poker_game - WARNING - Pot logic residual: 30
2025-12-12 17:14:49,127 - tournament_runner - INFO - Hand #39 complete on table 1
2025-12-12 17:14:49,127 - tournament_runner - INFO - Starting hand #40 on table 1
2025-12-12 17:14:49,127 - engine.poker_game - INFO - conservative_bot posts small blind: 10
2025-12-12 17:14:49,128 - engine.poker_game - INFO - aggressive_bot posts big blind: 20
2025-12-12 17:14:49,128 - engine.poker_game - INFO - 
==============================
--- NEW HAND ---
2025-12-12 17:14:49,128 - engine.poker_game - INFO - Dealer: conservative_bot
2025-12-12 17:14:49,128 - engine.poker_game - INFO - conservative_bot has PlayerHand(cards=[4♦, K♣]) (chips: 0)
2025-12-12 17:14:49,128 - engine.poker_game - INFO - aggressive_bot has PlayerHand(cards=[10♣, 8♣]) (chips: 3430)
2025-12-12 17:14:49,128 - engine.poker_game - INFO - 
--- PRE-FLOP BETTING ---
2025-12-12 17:14:49,128 - engine.poker_game - INFO -   aggressive_bot checks
2025-12-12 17:14:49,128 - engine.poker_game - INFO - Community Cards: []
2025-12-12 17:14:49,128 - engine.poker_game - INFO - Pot: 30
2025-12-12 17:14:49,128 - engine.poker_game - INFO - --------------------
2025-12-12 17:14:49,129 - engine.poker_game - INFO - FLOP: [6♥, 8♦, 9♦]
2025-12-12 17:14:49,129 - engine.poker_game - INFO - 
--- FLOP BETTING ---
2025-12-12 17:14:49,129 - engine.poker_game - INFO -   aggressive_bot raises to 30
2025-12-12 17:14:49,129 - engine.poker_game - INFO - Community Cards: [6♥, 8♦, 9♦]
2025-12-12 17:14:49,129 - engine.poker_game - INFO - Pot: 60
2025-12-12 17:14:49,129 - engine.poker_game - INFO - --------------------
2025-12-12 17:14:49,129 - engine.poker_game - INFO - TURN: 6♠
2025-12-12 17:14:49,129 - engine.poker_game - INFO - 
--- TURN BETTING ---
2025-12-12 17:14:49,129 - engine.poker_game - INFO -   aggressive_bot raises to 60
2025-12-12 17:14:49,130 - engine.poker_game - INFO - Community Cards: [6♥, 8♦, 9♦, 6♠]
2025-12-12 17:14:49,130 - engine.poker_game - INFO - Pot: 120
2025-12-12 17:14:49,130 - engine.poker_game - INFO - --------------------
2025-12-12 17:14:49,130 - engine.poker_game - INFO - RIVER: 8♠
2025-12-12 17:14:49,130 - engine.poker_game - INFO - 
--- RIVER BETTING ---
2025-12-12 17:14:49,130 - engine.poker_game - INFO -   aggressive_bot raises to 120
2025-12-12 17:14:49,131 - engine.poker_game - INFO - Community Cards: [6♥, 8♦, 9♦, 6♠, 8♠]
2025-12-12 17:14:49,131 - engine.poker_game - INFO - Pot: 240
2025-12-12 17:14:49,131 - engine.poker_game - INFO - --------------------
2025-12-12 17:14:49,131 - engine.poker_game - INFO - 
--- SHOWDOWN ---
2025-12-12 17:14:49,131 - engine.poker_game - INFO -   conservative_bot: Hand: [4♦, K♣] -> two_pair [K♣, 6♥, 8♦, 6♠, 8♠]
2025-12-12 17:14:49,132 - engine.poker_game - INFO -   aggressive_bot: Hand: [10♣, 8♣] -> full_house [8♣, 6♥, 8♦, 6♠, 8♠]
2025-12-12 17:14:49,132 - engine.poker_game - INFO - WINNERS: aggressive_bot
2025-12-12 17:14:49,132 - engine.poker_game - INFO - aggressive_bot wins 210 from side/main pot
2025-12-12 17:14:49,132 - engine.poker_game - WARNING - Pot logic residual: 30
2025-12-12 17:14:49,133 - tournament.table_1 - INFO - Player conservative_bot eliminated from table 1 on hand 39
2025-12-12 17:14:49,133 - tournament - INFO - Player conservative_bot eliminated in position 2
2025-12-12 17:14:49,133 - tournament - INFO - Tournament complete! Winner: aggressive_bot
2025-12-12 17:14:49,133 - tournament_runner - INFO - Hand #40 complete on table 1
2025-12-12 17:14:49,133 - tournament_runner - INFO - Tournament results saved to logs/results_20251212_171449.json
